Go test: 46 passed in 16 packages
